#! /c/Source/iverilog-install/bin/vvp
:ivl_version "12.0 (devel)" "(s20150603-1539-g2693dd32b)";
:ivl_delay_selection "TYPICAL";
:vpi_time_precision + 0;
:vpi_module "C:\iverilog\lib\ivl\system.vpi";
:vpi_module "C:\iverilog\lib\ivl\vhdl_sys.vpi";
:vpi_module "C:\iverilog\lib\ivl\vhdl_textio.vpi";
:vpi_module "C:\iverilog\lib\ivl\v2005_math.vpi";
:vpi_module "C:\iverilog\lib\ivl\va_math.vpi";
S_00000257afa180b0 .scope module, "alu_32_bit_tb" "alu_32_bit_tb" 2 1;
 .timescale 0 0;
L_00000257afa12020 .functor BUFZ 32, v00000257afa7af40_0, C4<00000000000000000000000000000000>, C4<00000000000000000000000000000000>, C4<00000000000000000000000000000000>;
v00000257afa7b7d0_0 .net "alu_out", 31 0, v00000257afa7af40_0;  1 drivers
v00000257afa7c450_0 .net/s "alu_out_signed", 31 0, L_00000257afa12020;  1 drivers
v00000257afa7c950_0 .net "carry", 0 0, v00000257afa7b080_0;  1 drivers
v00000257afa7c630_0 .var "clk", 0 0;
v00000257afa7c130_0 .net "difference", 0 0, v00000257afa7b1c0_0;  1 drivers
v00000257afa7cc70_0 .var/s "in_a", 31 0;
v00000257afa7ce50_0 .var/s "in_b", 31 0;
v00000257afa7b690_0 .net "mul_ans", 63 0, L_00000257afa11530;  1 drivers
v00000257afa7c1d0_0 .net "mul_done", 0 0, v00000257afa7aae0_0;  1 drivers
v00000257afa7d0d0_0 .var "mul_start", 0 0;
v00000257afa7c4f0_0 .var "op", 2 0;
v00000257afa7c270_0 .net "overflow", 0 0, v00000257afa7cdb0_0;  1 drivers
v00000257afa7be10_0 .var "rst", 0 0;
v00000257afa7cf90_0 .net "temp", 32 0, v00000257afa7cbd0_0;  1 drivers
v00000257afa7c3b0_0 .net "zero", 0 0, v00000257afa7bff0_0;  1 drivers
E_00000257afa16450 .event posedge, v00000257afa7aae0_0;
S_00000257afa192e0 .scope module, "uut" "alu_32_bit" 2 26, 3 1 0, S_00000257afa180b0;
 .timescale 0 0;
    .port_info 0 /OUTPUT 32 "alu_out";
    .port_info 1 /OUTPUT 33 "temp";
    .port_info 2 /OUTPUT 1 "zero";
    .port_info 3 /OUTPUT 1 "carry";
    .port_info 4 /OUTPUT 1 "overflow";
    .port_info 5 /OUTPUT 1 "difference";
    .port_info 6 /OUTPUT 64 "mul_ans";
    .port_info 7 /OUTPUT 1 "mul_done";
    .port_info 8 /INPUT 32 "in_a";
    .port_info 9 /INPUT 32 "in_b";
    .port_info 10 /INPUT 3 "op";
    .port_info 11 /INPUT 1 "clk";
    .port_info 12 /INPUT 1 "rst";
    .port_info 13 /INPUT 1 "mul_start";
L_00000257afa11530 .functor BUFZ 64, v00000257afa7aea0_0, C4<0000000000000000000000000000000000000000000000000000000000000000>, C4<0000000000000000000000000000000000000000000000000000000000000000>, C4<0000000000000000000000000000000000000000000000000000000000000000>;
v00000257afa7af40_0 .var/s "alu_out", 31 0;
v00000257afa7afe0_0 .net "barrel_out", 31 0, v00000257afa7a5e0_0;  1 drivers
v00000257afa7a400_0 .net "booth_out", 63 0, v00000257afa7aea0_0;  1 drivers
v00000257afa7b080_0 .var "carry", 0 0;
v00000257afa7b120_0 .net "clk", 0 0, v00000257afa7c630_0;  1 drivers
v00000257afa7b1c0_0 .var "difference", 0 0;
v00000257afa7a4a0_0 .net/s "in_a", 31 0, v00000257afa7cc70_0;  1 drivers
v00000257afa7b5f0_0 .net/s "in_b", 31 0, v00000257afa7ce50_0;  1 drivers
v00000257afa7b550_0 .net "mul_ans", 63 0, L_00000257afa11530;  alias, 1 drivers
v00000257afa7bcd0_0 .net "mul_done", 0 0, v00000257afa7aae0_0;  alias, 1 drivers
v00000257afa7d210_0 .net "mul_start", 0 0, v00000257afa7d0d0_0;  1 drivers
v00000257afa7c8b0_0 .net "op", 2 0, v00000257afa7c4f0_0;  1 drivers
v00000257afa7cdb0_0 .var "overflow", 0 0;
v00000257afa7b870_0 .net "rst", 0 0, v00000257afa7be10_0;  1 drivers
v00000257afa7cbd0_0 .var "temp", 32 0;
v00000257afa7bff0_0 .var "zero", 0 0;
E_00000257afa16490/0 .event anyedge, v00000257afa7c8b0_0, v00000257afa239f0_0, v00000257afa7a860_0, v00000257afa7cbd0_0;
E_00000257afa16490/1 .event anyedge, v00000257afa7af40_0, v00000257afa7aea0_0, v00000257afa7a5e0_0;
E_00000257afa16490 .event/or E_00000257afa16490/0, E_00000257afa16490/1;
L_00000257afa7c770 .part v00000257afa7ce50_0, 2, 5;
L_00000257afa7b910 .part v00000257afa7ce50_0, 0, 2;
S_00000257afa1b170 .scope module, "barrel_inst" "barrel_shifter_32bit" 3 38, 4 1 0, S_00000257afa192e0;
 .timescale 0 0;
    .port_info 0 /INPUT 32 "data_in";
    .port_info 1 /INPUT 5 "shift_amt";
    .port_info 2 /INPUT 2 "shift_type";
    .port_info 3 /OUTPUT 32 "data_out";
L_00000257afaa0088 .functor BUFT 1, C4<10>, C4<0>, C4<0>, C4<0>;
v00000257af9b3230_0 .net/2u *"_ivl_0", 1 0, L_00000257afaa0088;  1 drivers
v00000257afa19470_0 .net *"_ivl_2", 0 0, L_00000257afa7b730;  1 drivers
v00000257afa238b0_0 .net *"_ivl_5", 0 0, L_00000257afa7c310;  1 drivers
L_00000257afaa00d0 .functor BUFT 1, C4<0>, C4<0>, C4<0>, C4<0>;
v00000257afa23950_0 .net/2u *"_ivl_6", 0 0, L_00000257afaa00d0;  1 drivers
v00000257afa239f0_0 .net "data_in", 31 0, v00000257afa7cc70_0;  alias, 1 drivers
v00000257afa7a5e0_0 .var "data_out", 31 0;
v00000257afa7a720_0 .net "fill_bit", 0 0, L_00000257afa7beb0;  1 drivers
v00000257afa7b260_0 .net "shift_amt", 4 0, L_00000257afa7c770;  1 drivers
v00000257afa7aa40_0 .net "shift_type", 1 0, L_00000257afa7b910;  1 drivers
v00000257afa7b300_0 .var "stage0", 31 0;
v00000257afa7a900_0 .var "stage1", 31 0;
v00000257afa7a9a0_0 .var "stage2", 31 0;
v00000257afa7a7c0_0 .var "stage3", 31 0;
E_00000257afa17950/0 .event anyedge, v00000257afa7b260_0, v00000257afa7aa40_0, v00000257afa239f0_0, v00000257afa7a720_0;
E_00000257afa17950/1 .event anyedge, v00000257afa7b300_0, v00000257afa7a900_0, v00000257afa7a9a0_0, v00000257afa7a7c0_0;
E_00000257afa17950 .event/or E_00000257afa17950/0, E_00000257afa17950/1;
L_00000257afa7b730 .cmp/eq 2, L_00000257afa7b910, L_00000257afaa0088;
L_00000257afa7c310 .part v00000257afa7cc70_0, 31, 1;
L_00000257afa7beb0 .functor MUXZ 1, L_00000257afaa00d0, L_00000257afa7c310, L_00000257afa7b730, C4<>;
S_00000257af9f9e50 .scope module, "booth_inst" "bmul" 3 25, 5 1 0, S_00000257afa192e0;
 .timescale 0 0;
    .port_info 0 /INPUT 1 "clk";
    .port_info 1 /INPUT 1 "rst";
    .port_info 2 /INPUT 1 "start";
    .port_info 3 /INPUT 32 "multiplier";
    .port_info 4 /INPUT 32 "multiplicand";
    .port_info 5 /OUTPUT 64 "ans";
    .port_info 6 /OUTPUT 1 "done";
v00000257afa7aea0_0 .var "ans", 63 0;
v00000257afa7a680_0 .net "clk", 0 0, v00000257afa7c630_0;  alias, 1 drivers
v00000257afa7ac20_0 .var "count", 5 0;
v00000257afa7aae0_0 .var "done", 0 0;
v00000257afa7ab80_0 .var "m_comp", 31 0;
v00000257afa7a860_0 .net "multiplicand", 31 0, v00000257afa7ce50_0;  alias, 1 drivers
v00000257afa7a540_0 .net "multiplier", 31 0, v00000257afa7cc70_0;  alias, 1 drivers
v00000257afa7acc0_0 .var "q", 0 0;
v00000257afa7ad60_0 .net "rst", 0 0, v00000257afa7be10_0;  alias, 1 drivers
v00000257afa7ae00_0 .net "start", 0 0, v00000257afa7d0d0_0;  alias, 1 drivers
E_00000257afa17b10 .event posedge, v00000257afa7ad60_0, v00000257afa7a680_0;
    .scope S_00000257af9f9e50;
T_0 ;
    %wait E_00000257afa17b10;
    %load/vec4 v00000257afa7ad60_0;
    %flag_set/vec4 8;
    %jmp/0xz  T_0.0, 8;
    %pushi/vec4 0, 0, 64;
    %assign/vec4 v00000257afa7aea0_0, 0;
    %pushi/vec4 0, 0, 32;
    %assign/vec4 v00000257afa7ab80_0, 0;
    %pushi/vec4 0, 0, 1;
    %assign/vec4 v00000257afa7acc0_0, 0;
    %pushi/vec4 0, 0, 6;
    %assign/vec4 v00000257afa7ac20_0, 0;
    %pushi/vec4 0, 0, 1;
    %assign/vec4 v00000257afa7aae0_0, 0;
    %jmp T_0.1;
T_0.0 ;
    %load/vec4 v00000257afa7ae00_0;
    %flag_set/vec4 8;
    %jmp/0xz  T_0.2, 8;
    %pushi/vec4 0, 0, 32;
    %load/vec4 v00000257afa7a540_0;
    %concat/vec4; draw_concat_vec4
    %assign/vec4 v00000257afa7aea0_0, 0;
    %load/vec4 v00000257afa7a860_0;
    %inv;
    %addi 1, 0, 32;
    %assign/vec4 v00000257afa7ab80_0, 0;
    %pushi/vec4 0, 0, 1;
    %assign/vec4 v00000257afa7acc0_0, 0;
    %pushi/vec4 32, 0, 6;
    %assign/vec4 v00000257afa7ac20_0, 0;
    %pushi/vec4 0, 0, 1;
    %assign/vec4 v00000257afa7aae0_0, 0;
    %jmp T_0.3;
T_0.2 ;
    %load/vec4 v00000257afa7ac20_0;
    %pad/u 32;
    %cmpi/u 0, 0, 32;
    %flag_or 5, 4; GT is !LE
    %flag_inv 5;
    %jmp/0xz  T_0.4, 5;
    %load/vec4 v00000257afa7aea0_0;
    %parti/s 1, 0, 2;
    %load/vec4 v00000257afa7acc0_0;
    %concat/vec4; draw_concat_vec4
    %dup/vec4;
    %pushi/vec4 1, 0, 2;
    %cmp/u;
    %jmp/1 T_0.6, 6;
    %dup/vec4;
    %pushi/vec4 2, 0, 2;
    %cmp/u;
    %jmp/1 T_0.7, 6;
    %load/vec4 v00000257afa7aea0_0;
    %load/vec4 v00000257afa7acc0_0;
    %concat/vec4; draw_concat_vec4
    %ix/load 4, 1, 0;
    %flag_set/imm 4, 0;
    %shiftr/s 4;
    %split/vec4 1;
    %assign/vec4 v00000257afa7acc0_0, 0;
    %assign/vec4 v00000257afa7aea0_0, 0;
    %jmp T_0.9;
T_0.6 ;
    %load/vec4 v00000257afa7aea0_0;
    %parti/s 32, 32, 7;
    %load/vec4 v00000257afa7a860_0;
    %add;
    %load/vec4 v00000257afa7aea0_0;
    %parti/s 32, 0, 2;
    %concat/vec4; draw_concat_vec4
    %load/vec4 v00000257afa7acc0_0;
    %concat/vec4; draw_concat_vec4
    %ix/load 4, 1, 0;
    %flag_set/imm 4, 0;
    %shiftr/s 4;
    %split/vec4 1;
    %assign/vec4 v00000257afa7acc0_0, 0;
    %assign/vec4 v00000257afa7aea0_0, 0;
    %jmp T_0.9;
T_0.7 ;
    %load/vec4 v00000257afa7aea0_0;
    %parti/s 32, 32, 7;
    %load/vec4 v00000257afa7ab80_0;
    %add;
    %load/vec4 v00000257afa7aea0_0;
    %parti/s 32, 0, 2;
    %concat/vec4; draw_concat_vec4
    %load/vec4 v00000257afa7acc0_0;
    %concat/vec4; draw_concat_vec4
    %ix/load 4, 1, 0;
    %flag_set/imm 4, 0;
    %shiftr/s 4;
    %split/vec4 1;
    %assign/vec4 v00000257afa7acc0_0, 0;
    %assign/vec4 v00000257afa7aea0_0, 0;
    %jmp T_0.9;
T_0.9 ;
    %pop/vec4 1;
    %load/vec4 v00000257afa7ac20_0;
    %subi 1, 0, 6;
    %assign/vec4 v00000257afa7ac20_0, 0;
    %load/vec4 v00000257afa7ac20_0;
    %cmpi/e 1, 0, 6;
    %jmp/0xz  T_0.10, 4;
    %pushi/vec4 1, 0, 1;
    %assign/vec4 v00000257afa7aae0_0, 0;
T_0.10 ;
T_0.4 ;
T_0.3 ;
T_0.1 ;
    %jmp T_0;
    .thread T_0;
    .scope S_00000257afa1b170;
T_1 ;
    %wait E_00000257afa17950;
    %load/vec4 v00000257afa7b260_0;
    %parti/s 1, 0, 2;
    %flag_set/vec4 8;
    %jmp/0xz  T_1.0, 8;
    %load/vec4 v00000257afa7aa40_0;
    %dup/vec4;
    %pushi/vec4 0, 0, 2;
    %cmp/u;
    %jmp/1 T_1.2, 6;
    %dup/vec4;
    %pushi/vec4 1, 0, 2;
    %cmp/u;
    %jmp/1 T_1.3, 6;
    %dup/vec4;
    %pushi/vec4 2, 0, 2;
    %cmp/u;
    %jmp/1 T_1.4, 6;
    %dup/vec4;
    %pushi/vec4 3, 0, 2;
    %cmp/u;
    %jmp/1 T_1.5, 6;
    %load/vec4 v00000257afa239f0_0;
    %store/vec4 v00000257afa7b300_0, 0, 32;
    %jmp T_1.7;
T_1.2 ;
    %load/vec4 v00000257afa239f0_0;
    %parti/s 31, 0, 2;
    %concati/vec4 0, 0, 1;
    %store/vec4 v00000257afa7b300_0, 0, 32;
    %jmp T_1.7;
T_1.3 ;
    %pushi/vec4 0, 0, 1;
    %load/vec4 v00000257afa239f0_0;
    %parti/s 31, 1, 2;
    %concat/vec4; draw_concat_vec4
    %store/vec4 v00000257afa7b300_0, 0, 32;
    %jmp T_1.7;
T_1.4 ;
    %load/vec4 v00000257afa7a720_0;
    %load/vec4 v00000257afa239f0_0;
    %parti/s 31, 1, 2;
    %concat/vec4; draw_concat_vec4
    %store/vec4 v00000257afa7b300_0, 0, 32;
    %jmp T_1.7;
T_1.5 ;
    %load/vec4 v00000257afa239f0_0;
    %parti/s 1, 0, 2;
    %load/vec4 v00000257afa239f0_0;
    %parti/s 31, 1, 2;
    %concat/vec4; draw_concat_vec4
    %store/vec4 v00000257afa7b300_0, 0, 32;
    %jmp T_1.7;
T_1.7 ;
    %pop/vec4 1;
    %jmp T_1.1;
T_1.0 ;
    %load/vec4 v00000257afa239f0_0;
    %store/vec4 v00000257afa7b300_0, 0, 32;
T_1.1 ;
    %load/vec4 v00000257afa7b260_0;
    %parti/s 1, 1, 2;
    %flag_set/vec4 8;
    %jmp/0xz  T_1.8, 8;
    %load/vec4 v00000257afa7aa40_0;
    %dup/vec4;
    %pushi/vec4 0, 0, 2;
    %cmp/u;
    %jmp/1 T_1.10, 6;
    %dup/vec4;
    %pushi/vec4 1, 0, 2;
    %cmp/u;
    %jmp/1 T_1.11, 6;
    %dup/vec4;
    %pushi/vec4 2, 0, 2;
    %cmp/u;
    %jmp/1 T_1.12, 6;
    %dup/vec4;
    %pushi/vec4 3, 0, 2;
    %cmp/u;
    %jmp/1 T_1.13, 6;
    %load/vec4 v00000257afa7b300_0;
    %store/vec4 v00000257afa7a900_0, 0, 32;
    %jmp T_1.15;
T_1.10 ;
    %load/vec4 v00000257afa7b300_0;
    %parti/s 30, 0, 2;
    %concati/vec4 0, 0, 2;
    %store/vec4 v00000257afa7a900_0, 0, 32;
    %jmp T_1.15;
T_1.11 ;
    %pushi/vec4 0, 0, 2;
    %load/vec4 v00000257afa7b300_0;
    %parti/s 30, 2, 3;
    %concat/vec4; draw_concat_vec4
    %store/vec4 v00000257afa7a900_0, 0, 32;
    %jmp T_1.15;
T_1.12 ;
    %load/vec4 v00000257afa7a720_0;
    %replicate 2;
    %load/vec4 v00000257afa7b300_0;
    %parti/s 30, 2, 3;
    %concat/vec4; draw_concat_vec4
    %store/vec4 v00000257afa7a900_0, 0, 32;
    %jmp T_1.15;
T_1.13 ;
    %load/vec4 v00000257afa7b300_0;
    %parti/s 2, 0, 2;
    %load/vec4 v00000257afa7b300_0;
    %parti/s 30, 2, 3;
    %concat/vec4; draw_concat_vec4
    %store/vec4 v00000257afa7a900_0, 0, 32;
    %jmp T_1.15;
T_1.15 ;
    %pop/vec4 1;
    %jmp T_1.9;
T_1.8 ;
    %load/vec4 v00000257afa7b300_0;
    %store/vec4 v00000257afa7a900_0, 0, 32;
T_1.9 ;
    %load/vec4 v00000257afa7b260_0;
    %parti/s 1, 2, 3;
    %flag_set/vec4 8;
    %jmp/0xz  T_1.16, 8;
    %load/vec4 v00000257afa7aa40_0;
    %dup/vec4;
    %pushi/vec4 0, 0, 2;
    %cmp/u;
    %jmp/1 T_1.18, 6;
    %dup/vec4;
    %pushi/vec4 1, 0, 2;
    %cmp/u;
    %jmp/1 T_1.19, 6;
    %dup/vec4;
    %pushi/vec4 2, 0, 2;
    %cmp/u;
    %jmp/1 T_1.20, 6;
    %dup/vec4;
    %pushi/vec4 3, 0, 2;
    %cmp/u;
    %jmp/1 T_1.21, 6;
    %load/vec4 v00000257afa7a900_0;
    %store/vec4 v00000257afa7a9a0_0, 0, 32;
    %jmp T_1.23;
T_1.18 ;
    %load/vec4 v00000257afa7a900_0;
    %parti/s 28, 0, 2;
    %concati/vec4 0, 0, 4;
    %store/vec4 v00000257afa7a9a0_0, 0, 32;
    %jmp T_1.23;
T_1.19 ;
    %pushi/vec4 0, 0, 4;
    %load/vec4 v00000257afa7a900_0;
    %parti/s 28, 4, 4;
    %concat/vec4; draw_concat_vec4
    %store/vec4 v00000257afa7a9a0_0, 0, 32;
    %jmp T_1.23;
T_1.20 ;
    %load/vec4 v00000257afa7a720_0;
    %replicate 4;
    %load/vec4 v00000257afa7a900_0;
    %parti/s 28, 4, 4;
    %concat/vec4; draw_concat_vec4
    %store/vec4 v00000257afa7a9a0_0, 0, 32;
    %jmp T_1.23;
T_1.21 ;
    %load/vec4 v00000257afa7a900_0;
    %parti/s 4, 0, 2;
    %load/vec4 v00000257afa7a900_0;
    %parti/s 28, 4, 4;
    %concat/vec4; draw_concat_vec4
    %store/vec4 v00000257afa7a9a0_0, 0, 32;
    %jmp T_1.23;
T_1.23 ;
    %pop/vec4 1;
    %jmp T_1.17;
T_1.16 ;
    %load/vec4 v00000257afa7a900_0;
    %store/vec4 v00000257afa7a9a0_0, 0, 32;
T_1.17 ;
    %load/vec4 v00000257afa7b260_0;
    %parti/s 1, 3, 3;
    %flag_set/vec4 8;
    %jmp/0xz  T_1.24, 8;
    %load/vec4 v00000257afa7aa40_0;
    %dup/vec4;
    %pushi/vec4 0, 0, 2;
    %cmp/u;
    %jmp/1 T_1.26, 6;
    %dup/vec4;
    %pushi/vec4 1, 0, 2;
    %cmp/u;
    %jmp/1 T_1.27, 6;
    %dup/vec4;
    %pushi/vec4 2, 0, 2;
    %cmp/u;
    %jmp/1 T_1.28, 6;
    %dup/vec4;
    %pushi/vec4 3, 0, 2;
    %cmp/u;
    %jmp/1 T_1.29, 6;
    %load/vec4 v00000257afa7a9a0_0;
    %store/vec4 v00000257afa7a7c0_0, 0, 32;
    %jmp T_1.31;
T_1.26 ;
    %load/vec4 v00000257afa7a9a0_0;
    %parti/s 24, 0, 2;
    %concati/vec4 0, 0, 8;
    %store/vec4 v00000257afa7a7c0_0, 0, 32;
    %jmp T_1.31;
T_1.27 ;
    %pushi/vec4 0, 0, 8;
    %load/vec4 v00000257afa7a9a0_0;
    %parti/s 24, 8, 5;
    %concat/vec4; draw_concat_vec4
    %store/vec4 v00000257afa7a7c0_0, 0, 32;
    %jmp T_1.31;
T_1.28 ;
    %load/vec4 v00000257afa7a720_0;
    %replicate 8;
    %load/vec4 v00000257afa7a9a0_0;
    %parti/s 24, 8, 5;
    %concat/vec4; draw_concat_vec4
    %store/vec4 v00000257afa7a7c0_0, 0, 32;
    %jmp T_1.31;
T_1.29 ;
    %load/vec4 v00000257afa7a9a0_0;
    %parti/s 8, 0, 2;
    %load/vec4 v00000257afa7a9a0_0;
    %parti/s 24, 8, 5;
    %concat/vec4; draw_concat_vec4
    %store/vec4 v00000257afa7a7c0_0, 0, 32;
    %jmp T_1.31;
T_1.31 ;
    %pop/vec4 1;
    %jmp T_1.25;
T_1.24 ;
    %load/vec4 v00000257afa7a9a0_0;
    %store/vec4 v00000257afa7a7c0_0, 0, 32;
T_1.25 ;
    %load/vec4 v00000257afa7b260_0;
    %parti/s 1, 4, 4;
    %flag_set/vec4 8;
    %jmp/0xz  T_1.32, 8;
    %load/vec4 v00000257afa7aa40_0;
    %dup/vec4;
    %pushi/vec4 0, 0, 2;
    %cmp/u;
    %jmp/1 T_1.34, 6;
    %dup/vec4;
    %pushi/vec4 1, 0, 2;
    %cmp/u;
    %jmp/1 T_1.35, 6;
    %dup/vec4;
    %pushi/vec4 2, 0, 2;
    %cmp/u;
    %jmp/1 T_1.36, 6;
    %dup/vec4;
    %pushi/vec4 3, 0, 2;
    %cmp/u;
    %jmp/1 T_1.37, 6;
    %load/vec4 v00000257afa7a7c0_0;
    %store/vec4 v00000257afa7a5e0_0, 0, 32;
    %jmp T_1.39;
T_1.34 ;
    %load/vec4 v00000257afa7a7c0_0;
    %parti/s 16, 0, 2;
    %concati/vec4 0, 0, 16;
    %store/vec4 v00000257afa7a5e0_0, 0, 32;
    %jmp T_1.39;
T_1.35 ;
    %pushi/vec4 0, 0, 16;
    %load/vec4 v00000257afa7a7c0_0;
    %parti/s 16, 16, 6;
    %concat/vec4; draw_concat_vec4
    %store/vec4 v00000257afa7a5e0_0, 0, 32;
    %jmp T_1.39;
T_1.36 ;
    %load/vec4 v00000257afa7a720_0;
    %replicate 16;
    %load/vec4 v00000257afa7a7c0_0;
    %parti/s 16, 16, 6;
    %concat/vec4; draw_concat_vec4
    %store/vec4 v00000257afa7a5e0_0, 0, 32;
    %jmp T_1.39;
T_1.37 ;
    %load/vec4 v00000257afa7a7c0_0;
    %parti/s 16, 0, 2;
    %load/vec4 v00000257afa7a7c0_0;
    %parti/s 16, 16, 6;
    %concat/vec4; draw_concat_vec4
    %store/vec4 v00000257afa7a5e0_0, 0, 32;
    %jmp T_1.39;
T_1.39 ;
    %pop/vec4 1;
    %jmp T_1.33;
T_1.32 ;
    %load/vec4 v00000257afa7a7c0_0;
    %store/vec4 v00000257afa7a5e0_0, 0, 32;
T_1.33 ;
    %jmp T_1;
    .thread T_1, $push;
    .scope S_00000257afa192e0;
T_2 ;
    %wait E_00000257afa16490;
    %pushi/vec4 0, 0, 33;
    %store/vec4 v00000257afa7cbd0_0, 0, 33;
    %pushi/vec4 0, 0, 1;
    %store/vec4 v00000257afa7b080_0, 0, 1;
    %pushi/vec4 0, 0, 1;
    %store/vec4 v00000257afa7b1c0_0, 0, 1;
    %pushi/vec4 0, 0, 1;
    %store/vec4 v00000257afa7cdb0_0, 0, 1;
    %load/vec4 v00000257afa7c8b0_0;
    %dup/vec4;
    %pushi/vec4 0, 0, 3;
    %cmp/u;
    %jmp/1 T_2.0, 6;
    %dup/vec4;
    %pushi/vec4 1, 0, 3;
    %cmp/u;
    %jmp/1 T_2.1, 6;
    %dup/vec4;
    %pushi/vec4 2, 0, 3;
    %cmp/u;
    %jmp/1 T_2.2, 6;
    %dup/vec4;
    %pushi/vec4 3, 0, 3;
    %cmp/u;
    %jmp/1 T_2.3, 6;
    %dup/vec4;
    %pushi/vec4 4, 0, 3;
    %cmp/u;
    %jmp/1 T_2.4, 6;
    %dup/vec4;
    %pushi/vec4 5, 0, 3;
    %cmp/u;
    %jmp/1 T_2.5, 6;
    %dup/vec4;
    %pushi/vec4 6, 0, 3;
    %cmp/u;
    %jmp/1 T_2.6, 6;
    %dup/vec4;
    %pushi/vec4 7, 0, 3;
    %cmp/u;
    %jmp/1 T_2.7, 6;
    %pushi/vec4 1, 0, 32;
    %store/vec4 v00000257afa7af40_0, 0, 32;
    %jmp T_2.9;
T_2.0 ;
    %pushi/vec4 0, 0, 32;
    %store/vec4 v00000257afa7af40_0, 0, 32;
    %jmp T_2.9;
T_2.1 ;
    %load/vec4 v00000257afa7a4a0_0;
    %pad/s 33;
    %load/vec4 v00000257afa7b5f0_0;
    %pad/s 33;
    %add;
    %store/vec4 v00000257afa7cbd0_0, 0, 33;
    %load/vec4 v00000257afa7cbd0_0;
    %parti/s 32, 0, 2;
    %store/vec4 v00000257afa7af40_0, 0, 32;
    %load/vec4 v00000257afa7cbd0_0;
    %parti/s 1, 32, 7;
    %store/vec4 v00000257afa7b080_0, 0, 1;
    %load/vec4 v00000257afa7a4a0_0;
    %parti/s 1, 31, 6;
    %load/vec4 v00000257afa7b5f0_0;
    %parti/s 1, 31, 6;
    %cmp/e;
    %flag_get/vec4 4;
    %jmp/0 T_2.10, 4;
    %load/vec4 v00000257afa7af40_0;
    %parti/s 1, 31, 6;
    %load/vec4 v00000257afa7a4a0_0;
    %parti/s 1, 31, 6;
    %cmp/ne;
    %flag_get/vec4 4;
    %and;
T_2.10;
    %store/vec4 v00000257afa7cdb0_0, 0, 1;
    %jmp T_2.9;
T_2.2 ;
    %load/vec4 v00000257afa7a4a0_0;
    %pad/s 33;
    %load/vec4 v00000257afa7b5f0_0;
    %pad/s 33;
    %sub;
    %store/vec4 v00000257afa7cbd0_0, 0, 33;
    %load/vec4 v00000257afa7cbd0_0;
    %parti/s 32, 0, 2;
    %store/vec4 v00000257afa7af40_0, 0, 32;
    %load/vec4 v00000257afa7cbd0_0;
    %parti/s 1, 32, 7;
    %store/vec4 v00000257afa7b1c0_0, 0, 1;
    %load/vec4 v00000257afa7a4a0_0;
    %parti/s 1, 31, 6;
    %load/vec4 v00000257afa7b5f0_0;
    %parti/s 1, 31, 6;
    %cmp/ne;
    %flag_get/vec4 4;
    %jmp/0 T_2.11, 4;
    %load/vec4 v00000257afa7af40_0;
    %parti/s 1, 31, 6;
    %load/vec4 v00000257afa7a4a0_0;
    %parti/s 1, 31, 6;
    %cmp/ne;
    %flag_get/vec4 4;
    %and;
T_2.11;
    %store/vec4 v00000257afa7cdb0_0, 0, 1;
    %jmp T_2.9;
T_2.3 ;
    %load/vec4 v00000257afa7a400_0;
    %parti/s 32, 0, 2;
    %store/vec4 v00000257afa7af40_0, 0, 32;
    %jmp T_2.9;
T_2.4 ;
    %load/vec4 v00000257afa7a4a0_0;
    %load/vec4 v00000257afa7b5f0_0;
    %or;
    %store/vec4 v00000257afa7af40_0, 0, 32;
    %jmp T_2.9;
T_2.5 ;
    %load/vec4 v00000257afa7afe0_0;
    %store/vec4 v00000257afa7af40_0, 0, 32;
    %jmp T_2.9;
T_2.6 ;
    %load/vec4 v00000257afa7a4a0_0;
    %load/vec4 v00000257afa7b5f0_0;
    %and;
    %store/vec4 v00000257afa7af40_0, 0, 32;
    %jmp T_2.9;
T_2.7 ;
    %load/vec4 v00000257afa7a4a0_0;
    %load/vec4 v00000257afa7b5f0_0;
    %xor;
    %store/vec4 v00000257afa7af40_0, 0, 32;
    %jmp T_2.9;
T_2.9 ;
    %pop/vec4 1;
    %load/vec4 v00000257afa7af40_0;
    %pushi/vec4 0, 0, 32;
    %cmp/e;
    %flag_get/vec4 4;
    %store/vec4 v00000257afa7bff0_0, 0, 1;
    %jmp T_2;
    .thread T_2, $push;
    .scope S_00000257afa180b0;
T_3 ;
    %pushi/vec4 0, 0, 1;
    %store/vec4 v00000257afa7c630_0, 0, 1;
T_3.0 ;
    %delay 5, 0;
    %load/vec4 v00000257afa7c630_0;
    %inv;
    %store/vec4 v00000257afa7c630_0, 0, 1;
    %jmp T_3.0;
    %end;
    .thread T_3;
    .scope S_00000257afa180b0;
T_4 ;
    %vpi_call 2 52 "$dumpfile", "alu_system_wave.vcd" {0 0 0};
    %vpi_call 2 53 "$dumpvars", 32'sb00000000000000000000000000000000, S_00000257afa180b0 {0 0 0};
    %vpi_call 2 55 "$display", "=============================================================" {0 0 0};
    %vpi_call 2 56 "$display", "  STARTING INTEGRATED SYSTEM VERIFICATION (ALU + BMUL + BARREL)" {0 0 0};
    %vpi_call 2 57 "$display", "=============================================================" {0 0 0};
    %pushi/vec4 1, 0, 1;
    %store/vec4 v00000257afa7be10_0, 0, 1;
    %pushi/vec4 0, 0, 1;
    %store/vec4 v00000257afa7d0d0_0, 0, 1;
    %pushi/vec4 0, 0, 3;
    %store/vec4 v00000257afa7c4f0_0, 0, 3;
    %pushi/vec4 0, 0, 32;
    %store/vec4 v00000257afa7cc70_0, 0, 32;
    %pushi/vec4 0, 0, 32;
    %store/vec4 v00000257afa7ce50_0, 0, 32;
    %delay 15, 0;
    %pushi/vec4 0, 0, 1;
    %store/vec4 v00000257afa7be10_0, 0, 1;
    %delay 5, 0;
    %pushi/vec4 15, 0, 32;
    %store/vec4 v00000257afa7cc70_0, 0, 32;
    %pushi/vec4 10, 0, 32;
    %store/vec4 v00000257afa7ce50_0, 0, 32;
    %pushi/vec4 1, 0, 3;
    %store/vec4 v00000257afa7c4f0_0, 0, 3;
    %delay 10, 0;
    %vpi_call 2 75 "$display", "[ADD] InA=%0d, InB=%0d | Out=%0d (Expected: 25)", v00000257afa7cc70_0, v00000257afa7ce50_0, v00000257afa7c450_0 {0 0 0};
    %pushi/vec4 2, 0, 3;
    %store/vec4 v00000257afa7c4f0_0, 0, 3;
    %delay 10, 0;
    %vpi_call 2 80 "$display", "[SUB] InA=%0d, InB=%0d | Out=%0d (Expected: 5)", v00000257afa7cc70_0, v00000257afa7ce50_0, v00000257afa7c450_0 {0 0 0};
    %pushi/vec4 50, 0, 32;
    %store/vec4 v00000257afa7cc70_0, 0, 32;
    %pushi/vec4 4294967286, 0, 32;
    %store/vec4 v00000257afa7ce50_0, 0, 32;
    %pushi/vec4 3, 0, 3;
    %store/vec4 v00000257afa7c4f0_0, 0, 3;
    %delay 10, 0;
    %pushi/vec4 1, 0, 1;
    %store/vec4 v00000257afa7d0d0_0, 0, 1;
    %delay 10, 0;
    %pushi/vec4 0, 0, 1;
    %store/vec4 v00000257afa7d0d0_0, 0, 1;
    %wait E_00000257afa16450;
    %delay 5, 0;
    %load/vec4 v00000257afa7b690_0;
    %vpi_call 2 98 "$display", "[BOOTH MUL] InA=%0d, InB=%0d | Full 64-bit Ans=%0d | ALU Bus Out=%0d", v00000257afa7cc70_0, v00000257afa7ce50_0, S<0,vec4,s64>, v00000257afa7c450_0 {1 0 0};
    %pushi/vec4 5, 0, 3;
    %store/vec4 v00000257afa7c4f0_0, 0, 3;
    %pushi/vec4 15, 0, 32;
    %store/vec4 v00000257afa7cc70_0, 0, 32;
    %pushi/vec4 16, 0, 32;
    %store/vec4 v00000257afa7ce50_0, 0, 32;
    %delay 10, 0;
    %vpi_call 2 109 "$display", "[BARREL LSL] InA=%h, Amt=4 | Out=%h (Expected: 000000f0)", v00000257afa7cc70_0, v00000257afa7b7d0_0 {0 0 0};
    %pushi/vec4 4026531840, 0, 32;
    %store/vec4 v00000257afa7cc70_0, 0, 32;
    %pushi/vec4 9, 0, 32;
    %store/vec4 v00000257afa7ce50_0, 0, 32;
    %delay 10, 0;
    %vpi_call 2 116 "$display", "[BARREL LSR] InA=%h, Amt=2 | Out=%h (Expected: 3c000000)", v00000257afa7cc70_0, v00000257afa7b7d0_0 {0 0 0};
    %pushi/vec4 305419896, 0, 32;
    %store/vec4 v00000257afa7cc70_0, 0, 32;
    %pushi/vec4 19, 0, 32;
    %store/vec4 v00000257afa7ce50_0, 0, 32;
    %delay 10, 0;
    %vpi_call 2 123 "$display", "[BARREL ROR] InA=%h, Amt=4 | Out=%h (Expected: 81234567)", v00000257afa7cc70_0, v00000257afa7b7d0_0 {0 0 0};
    %pushi/vec4 1515870810, 0, 32;
    %store/vec4 v00000257afa7cc70_0, 0, 32;
    %pushi/vec4 252645135, 0, 32;
    %store/vec4 v00000257afa7ce50_0, 0, 32;
    %pushi/vec4 4, 0, 3;
    %store/vec4 v00000257afa7c4f0_0, 0, 3;
    %delay 10, 0;
    %vpi_call 2 132 "$display", "[BITWISE OR] InA=%h, InB=%h | Out=%h", v00000257afa7cc70_0, v00000257afa7ce50_0, v00000257afa7b7d0_0 {0 0 0};
    %pushi/vec4 1515870810, 0, 32;
    %store/vec4 v00000257afa7cc70_0, 0, 32;
    %pushi/vec4 252645135, 0, 32;
    %store/vec4 v00000257afa7ce50_0, 0, 32;
    %pushi/vec4 6, 0, 3;
    %store/vec4 v00000257afa7c4f0_0, 0, 3;
    %delay 10, 0;
    %vpi_call 2 137 "$display", "[BITWISE AND] InA=%h, InB=%h | Out=%h", v00000257afa7cc70_0, v00000257afa7ce50_0, v00000257afa7b7d0_0 {0 0 0};
    %pushi/vec4 7, 0, 3;
    %store/vec4 v00000257afa7c4f0_0, 0, 3;
    %delay 10, 0;
    %vpi_call 2 141 "$display", "[BITWISE XOR] InA=%h, InB=%h | Out=%h", v00000257afa7cc70_0, v00000257afa7ce50_0, v00000257afa7b7d0_0 {0 0 0};
    %vpi_call 2 146 "$display", "=============================================================" {0 0 0};
    %vpi_call 2 147 "$display", "  VERIFICATION COMPLETE SUCCESSFULLY" {0 0 0};
    %vpi_call 2 148 "$display", "=============================================================" {0 0 0};
    %vpi_call 2 149 "$finish" {0 0 0};
    %end;
    .thread T_4;
# The file index is used to find the file name in the following table.
:file_names 6;
    "N/A";
    "<interactive>";
    "alu_testcode.v";
    "alu_main_code.v";
    "barrelshifter_code.v";
    "boothmultiplier.v";
